== §0 기준 실측 (figma_policy_db.md:79) ==
  양수가액 49,446 x 0.11% = 54.3906 -> floor 54 / round 54 / ceil 55  (실측 배분액 54)
  액면금액 49,500 x 0.11% = 54.4500 -> floor 54 / round 54 / ceil 55  (실측 배분액 54)
  -> floor·round 모두 54 성립, ceil 배제. 기준금액 2안 모두 54 -> 이 1건으로는 미판별

== §1 일별 투자수익 — 행별 재계산 (기준: 투자실행금 고정) ==
  날짜 | 실행금(고정) | 수익 현행->정정 | 실효율 현행 | 상환액 현행->정정 | W | Ty 현행->정정
  2026-08-21 | 178,900,000 | 601,000 -> 196,790 | 0.3359% | 182,300,000 -> 179,096,790 | 11.4 | 3.55% -> 3.52%
  2026-08-22 | 172,600,000 | 578,000 -> 189,860 | 0.3349% | 175,800,000 -> 172,789,860 | 11.1 | 3.61% -> 3.62%
  2026-08-23 | 165,300,000 | 552,000 -> 181,830 | 0.3339% | 168,400,000 -> 165,481,830 | 10.9 | 3.58% -> 3.68%
  2026-08-24 | 187,700,000 | 634,000 -> 206,470 | 0.3378% | 191,200,000 -> 187,906,470 | 11.6 | 3.52% -> 3.46%
  2026-08-25 | 183,100,000 | 617,000 -> 201,410 | 0.3370% | 186,500,000 -> 183,301,410 | 11.3 | 3.57% -> 3.55%
  2026-08-26 | 176,600,000 | 596,000 -> 194,260 | 0.3375% | 179,900,000 -> 176,794,260 | 11.2 | 3.59% -> 3.58%
  2026-08-27 | 186,600,000 | 632,000 -> 205,260 | 0.3387% | 190,100,000 -> 186,805,260 | 11.5 | 3.54% -> 3.49%
  합계 상환액 1,274,200,000 -> 1,252,175,880
  합계 실행금 1,250,800,000 -> 1,250,800,000 (불변)
  합계 수익   4,210,000 -> 1,375,880
  합계 W(가중) 11.3 -> 11.3   [raw 11.2946]
  합계 Ty(가중) 3.58% -> 3.55%  [raw 3.554328]
  검산: 합계수익/합계실행금 = 0.110000%

== §2 수익 현황 카드 (일주일 2026-08-21~27) ==
  투자실행금 1,284,500,000 -> 1,250,800,000   (표 합계와 일치시킴)
  투자수익   4,210,000 -> 1,375,880
  Ty 실행금대비 3.58% -> 3.55%
  Ty 자산대비  3.31% -> 3.29%   [= Ty(가중) x 투자실행액 1,284,500,000 / 투자자산 1,389,800,000]
  (참고) app.html 현행 산식 tyExec x 기간실행금/투자자산 = 3.20% — 기간 의존 결함

== §3 월별 투자수익 — 행별 재계산 ==
  2026-03 | 5,031,200,000 | 16,980,000 -> 5,534,320 | 0.3375% | 5,124,600,000 -> 5,036,734,320 | 11.4 | 3.51% -> 3.52%
  2026-04 | 5,289,400,000 | 17,920,000 -> 5,818,340 | 0.3388% | 5,387,900,000 -> 5,295,218,340 | 11.2 | 3.56% -> 3.58%
  2026-05 | 5,538,700,000 | 18,730,000 -> 6,092,570 | 0.3382% | 5,642,300,000 -> 5,544,792,570 | 11.0 | 3.62% -> 3.65%
  2026-06 | 5,376,500,000 | 18,140,000 -> 5,914,150 | 0.3374% | 5,478,100,000 -> 5,382,414,150 | 11.6 | 3.48% -> 3.46%
  2026-07 | 5,752,800,000 | 19,480,000 -> 6,328,080 | 0.3386% | 5,861,400,000 -> 5,759,128,080 | 11.3 | 3.60% -> 3.55%
  2026-08 | 5,108,900,000 | 17,260,000 -> 5,619,790 | 0.3378% | 5,203,700,000 -> 5,114,519,790 | 11.5 | 3.55% -> 3.49%
  합계 상환액 32,698,000,000 -> 32,132,807,250
  합계 실행금 32,097,500,000 -> 32,097,500,000
  합계 수익   108,510,000 -> 35,307,250
  합계 W(가중) 11.3 -> 11.3  [raw 11.3295]
  합계 Ty(가중) 3.55% -> 3.54%  [raw 3.542872]
  -- 월별 화면 카드(이번달=2026-08 1건) --
     투자실행금 1,284,500,000 -> 5,108,900,000
     투자수익   17,260,000 -> 5,619,790
     Ty 실행금대비 3.55% -> 3.49%
     Ty 자산대비  3.28% -> 3.23%

== §4 가맹점별 투자자산 — Ty·비중 검산 ==
  김성호떡볶이 본점        312,400,000 | W 10.8 | Ty 3.72% -> 3.72% OK | 비중 24.3% -> 24.3% OK
  달빛곱창 홍대점         268,900,000 | W 11.5 | Ty 3.49% -> 3.49% OK | 비중 20.9% -> 20.9% OK
  성호분식 2호점         197,300,000 | W 12.1 | Ty 3.32% -> 3.32% OK | 비중 15.4% -> 15.4% OK
  바다마루 횟집          152,600,000 | W 10.2 | Ty 3.94% -> 3.94% OK | 비중 11.9% -> 11.9% OK
  한강커피 잠원점         121,800,000 | W 11.9 | Ty 3.37% -> 3.37% OK | 비중 9.5% -> 9.5% OK
  김밥나라             98,200,000 | W 10.5 | Ty 3.82% -> 3.82% OK | 비중 7.6% -> 7.6% OK
  초록치킨 서초점         76,100,000 | W 12.4 | Ty 3.24% -> 3.24% OK | 비중 5.9% -> 5.9% OK
  골목냉면             57,200,000 | W 11.0 | Ty 3.65% -> 3.65% OK | 비중 4.5% -> 4.5% OK
  합계 투자금액 1,284,500,000  (투자실행액 1,284,500,000 와 일치)
  가중 W  = 11.2600 -> 11.3   (현황표 투자실행액 행 현행 11.2)
  가중 S  = 0.4217 -> 0.42%  (현행 0.42% — 일치 => 가중평균이 채택 규칙임을 입증)
  가중 Ty = 3.579450 -> 3.58%  (현행 3.59%)
  참고: 0.11% x 365 / 11.3 = 3.55%  (가중 W에서 역산 — 가중Ty와 0.03 차이, Jensen 격차)

== §5 투자자산 현황표 ==
  투자실행액 1,284,500,000 | 비중 92.4% | W 11.2 -> 11.3 | S 0.42% -> 0.42% | Ty 3.59% -> 3.58%
  순현금     105,300,000 | 비중 7.6%
  합계       1,389,800,000 | 100.0%

== §6 invest-assets--page2.html (정적 전용 8행) ==
  청춘포차 신촌점       48,900,000 | W 11.3 | Ty 3.51% -> 3.55% <<FIX | 비중(현행 3.8%, 기준 1,284,500,000)
  왕십리곱창타운        42,300,000 | W 10.6 | Ty 3.78% -> 3.79% <<FIX | 비중(현행 3.3%, 기준 1,284,500,000)
  소소한밥상          37,600,000 | W 12.2 | Ty 3.29% -> 3.29% OK | 비중(현행 2.9%, 기준 1,284,500,000)
  대박국수 사당점       31,400,000 | W 11.7 | Ty 3.42% -> 3.43% <<FIX | 비중(현행 2.4%, 기준 1,284,500,000)
  정든수산           26,800,000 | W 10.9 | Ty 3.68% -> 3.68% OK | 비중(현행 2.1%, 기준 1,284,500,000)
  착한고기 은평점       21,500,000 | W 12.6 | Ty 3.21% -> 3.19% <<FIX | 비중(현행 1.7%, 기준 1,284,500,000)
  커피한잔 마포점       17,200,000 | W 11.1 | Ty 3.74% -> 3.62% <<FIX | 비중(현행 1.3%, 기준 1,284,500,000)
  우리동네반찬         12,900,000 | W 10.4 | Ty 3.86% -> 3.86% OK | 비중(현행 1.0%, 기준 1,284,500,000)
  page2 합계 238,600,000. page1 8행이 이미 1,284,500,000(=100%)을 소진 -> 비중 총합 118.6%
  app.html 은 PAGE_SIZE=5·가맹점 8건 -> page2 = 6~8번 가맹점. 정적 page2 의 8건은 어디에도 없음.